


ARM Macro Assembler    Page 1 


    1 00000000 00000800 
                       Stack_Size
                               EQU              0x800
    2 00000000         
    3 00000000                 AREA             STACK, NOINIT, READWRITE, ALIGN
=3
    4 00000000         Stack_Mem
                               SPACE            Stack_Size
    5 00000800         __initial_sp
    6 00000800         
    7 00000800         
    8 00000800         ; <h> Heap Configuration
    9 00000800         ;   <o>  Heap Size (in Bytes) <0x0-0xFFFFFFFF:8>
   10 00000800         ; </h>
   11 00000800         
   12 00000800 00000400 
                       Heap_Size
                               EQU              0x400
   13 00000800         
   14 00000800                 AREA             HEAP, NOINIT, READWRITE, ALIGN=
3
   15 00000000         __heap_base
   16 00000000         Heap_Mem
                               SPACE            Heap_Size
   17 00000400         __heap_limit
   18 00000400         
   19 00000400                 PRESERVE8
   20 00000400                 THUMB
   21 00000400         
   22 00000400         
   23 00000400         ; Vector Table Mapped to Address 0 at Reset
   24 00000400                 AREA             RESET, DATA, READONLY
   25 00000000 00000000        DCD              __initial_sp ; Top of Stack
   26 00000004 00000000        DCD              Reset_Handler ; Reset Handler
   27 00000008         
   28 00000008                 AREA             |.text|, CODE, READONLY
   29 00000000         
   30 00000000         ; Reset handler
   31 00000000         Reset_Handler
                               PROC
   32 00000000                 IMPORT           __main
   33 00000000 4803            LDR              R0, =__main
   34 00000002 4700            BX               R0
   35 00000004         ;    B main_asm
   36 00000004                 ENDP
   37 00000004         
   38 00000004         
   39 00000004                 IMPORT           __use_two_region_memory
   40 00000004                 EXPORT           __user_initial_stackheap
   41 00000004         
   42 00000004         __user_initial_stackheap
   43 00000004         
   44 00000004 4803            LDR              R0, =  Heap_Mem
   45 00000006 4904            LDR              R1, =(Stack_Mem + Stack_Size)
   46 00000008 4A04            LDR              R2, = (Heap_Mem +  Heap_Size)
   47 0000000A 4B05            LDR              R3, = Stack_Mem
   48 0000000C 4770            BX               LR
   49 0000000E         
   50 0000000E 00 00           ALIGN



ARM Macro Assembler    Page 2 


   51 00000010         
   52 00000010                 END
              00000000 
              00000000 
              00000800 
              00000400 
              00000000 
Command Line: --debug --xref --diag_suppress=9931 --cpu=Cortex-M3 --apcs=interw
ork --depend=.\objects\startup.d -o.\objects\startup.o -IC:\Users\Timur\AppData
\Local\Arm\Packs\Keil\STM32F1xx_DFP\2.3.0\Device\Include --predefine="__EVAL SE
TA 1" --predefine="__UVISION_VERSION SETA 536" --predefine="STM32F10X_MD SETA 1
" --list=.\listings\startup.lst startup.s



ARM Macro Assembler    Page 1 Alphabetic symbol ordering
Relocatable symbols

STACK 00000000

Symbol: STACK
   Definitions
      At line 3 in file startup.s
   Uses
      None
Comment: STACK unused
Stack_Mem 00000000

Symbol: Stack_Mem
   Definitions
      At line 4 in file startup.s
   Uses
      At line 45 in file startup.s
      At line 47 in file startup.s

__initial_sp 00000800

Symbol: __initial_sp
   Definitions
      At line 5 in file startup.s
   Uses
      At line 25 in file startup.s
Comment: __initial_sp used once
3 symbols



ARM Macro Assembler    Page 1 Alphabetic symbol ordering
Relocatable symbols

HEAP 00000000

Symbol: HEAP
   Definitions
      At line 14 in file startup.s
   Uses
      None
Comment: HEAP unused
Heap_Mem 00000000

Symbol: Heap_Mem
   Definitions
      At line 16 in file startup.s
   Uses
      At line 44 in file startup.s
      At line 46 in file startup.s

__heap_base 00000000

Symbol: __heap_base
   Definitions
      At line 15 in file startup.s
   Uses
      None
Comment: __heap_base unused
__heap_limit 00000400

Symbol: __heap_limit
   Definitions
      At line 17 in file startup.s
   Uses
      None
Comment: __heap_limit unused
4 symbols



ARM Macro Assembler    Page 1 Alphabetic symbol ordering
Relocatable symbols

RESET 00000000

Symbol: RESET
   Definitions
      At line 24 in file startup.s
   Uses
      None
Comment: RESET unused
1 symbol



ARM Macro Assembler    Page 1 Alphabetic symbol ordering
Relocatable symbols

.text 00000000

Symbol: .text
   Definitions
      At line 28 in file startup.s
   Uses
      None
Comment: .text unused
Reset_Handler 00000000

Symbol: Reset_Handler
   Definitions
      At line 31 in file startup.s
   Uses
      At line 26 in file startup.s
Comment: Reset_Handler used once
__user_initial_stackheap 00000004

Symbol: __user_initial_stackheap
   Definitions
      At line 42 in file startup.s
   Uses
      At line 40 in file startup.s
Comment: __user_initial_stackheap used once
3 symbols



ARM Macro Assembler    Page 1 Alphabetic symbol ordering
Absolute symbols

Heap_Size 00000400

Symbol: Heap_Size
   Definitions
      At line 12 in file startup.s
   Uses
      At line 16 in file startup.s
      At line 46 in file startup.s

Stack_Size 00000800

Symbol: Stack_Size
   Definitions
      At line 1 in file startup.s
   Uses
      At line 4 in file startup.s
      At line 45 in file startup.s

2 symbols



ARM Macro Assembler    Page 1 Alphabetic symbol ordering
External symbols

__main 00000000

Symbol: __main
   Definitions
      At line 32 in file startup.s
   Uses
      At line 33 in file startup.s
Comment: __main used once
__use_two_region_memory 00000000

Symbol: __use_two_region_memory
   Definitions
      At line 39 in file startup.s
   Uses
      None
Comment: __use_two_region_memory unused
2 symbols
350 symbols in table
